2026-08-15 10:59:59,576 INFO o.a.j.u.JMeterUtils: Setting Locale to en_EN
2026-08-15 10:59:59,594 INFO o.a.j.JMeter: Loading user properties from: /opt/jmeter/bin/user.properties
2026-08-15 10:59:59,595 INFO o.a.j.JMeter: Loading system properties from: /opt/jmeter/bin/system.properties
2026-08-15 10:59:59,601 INFO o.a.j.JMeter: Copyright (c) 1998-2024 The Apache Software Foundation
2026-08-15 10:59:59,601 INFO o.a.j.JMeter: Version 5.6.3
2026-08-15 10:59:59,601 INFO o.a.j.JMeter: java.version=17.0.19
2026-08-15 10:59:59,601 INFO o.a.j.JMeter: java.vm.name=OpenJDK 64-Bit Server VM
2026-08-15 10:59:59,601 INFO o.a.j.JMeter: os.name=Linux
2026-08-15 10:59:59,602 INFO o.a.j.JMeter: os.arch=amd64
2026-08-15 10:59:59,602 INFO o.a.j.JMeter: os.version=7.0.0-28-generic
2026-08-15 10:59:59,602 INFO o.a.j.JMeter: file.encoding=UTF-8
2026-08-15 10:59:59,602 INFO o.a.j.JMeter: java.awt.headless=null
2026-08-15 10:59:59,602 INFO o.a.j.JMeter: Max memory     =1073741824
2026-08-15 10:59:59,602 INFO o.a.j.JMeter: Available Processors =8
2026-08-15 10:59:59,612 INFO o.a.j.JMeter: Default Locale=English (EN)
2026-08-15 10:59:59,613 INFO o.a.j.JMeter: JMeter  Locale=English (EN)
2026-08-15 10:59:59,613 INFO o.a.j.JMeter: JMeterHome=/opt/jmeter
2026-08-15 10:59:59,613 INFO o.a.j.JMeter: user.dir  =/home/lenovo/Desktop/Manasa/playwright-python
2026-08-15 10:59:59,613 INFO o.a.j.JMeter: PWD       =/home/lenovo/Desktop/Manasa/playwright-python
2026-08-15 10:59:59,622 INFO o.a.j.JMeter: IP: 172.20.10.4 Name: Manasa FullName: Manasa
2026-08-15 10:59:59,635 INFO o.a.j.JMeter: Loaded icon properties from org/apache/jmeter/images/icon.properties
2026-08-15 10:59:59,841 INFO o.a.j.JMeterGuiLauncher: Setting LAF to: com.github.weisj.darklaf.DarkLaf:com.github.weisj.darklaf.theme.DarculaTheme
